BL51 BANKED LINKER/LOCATER V6.22.2.0                                                    02/03/2020  16:11:47  PAGE 1


BL51 BANKED LINKER/LOCATER V6.22.2.0, INVOKED BY:
D:\PROGRAM FILES (X86)\KEIL\C51\BIN\BL51.EXE .\Objects\STARTUP.obj, .\Objects\dac.obj TO .\Objects\DAC0832-test PRINT (.
>> \Listings\DAC0832-test.m51) RAMSIZE (256)


MEMORY MODEL: SMALL


INPUT MODULES INCLUDED:
  .\Objects\STARTUP.obj (?C_STARTUP)
  .\Objects\dac.obj (DAC)


LINK MAP OF MODULE:  .\Objects\DAC0832-test (?C_STARTUP)


            TYPE    BASE      LENGTH    RELOCATION   SEGMENT NAME
            -----------------------------------------------------

            * * * * * * *   D A T A   M E M O R Y   * * * * * * *
            REG     0000H     0008H     ABSOLUTE     "REG BANK 0"
            DATA    0008H     0004H     UNIT         ?DT?_WRITE_DAC_INPUT_REGISTER?DAC
            IDATA   000CH     0001H     UNIT         ?STACK

            * * * * * * *   C O D E   M E M O R Y   * * * * * * *
            CODE    0000H     0003H     ABSOLUTE     
            CODE    0003H     001BH     UNIT         ?PR?_DELAY_US?DAC
            CODE    001EH     001AH     UNIT         ?PR?MAIN?DAC
            CODE    0038H     0013H     UNIT         ?PR?_WRITE_DAC_INPUT_REGISTER?DAC
            CODE    004BH     000CH     UNIT         ?C_C51STARTUP
            CODE    0057H     0009H     UNIT         ?PR?DAC_ANALOG_OUTPUT?DAC



OVERLAY MAP OF MODULE:   .\Objects\DAC0832-test (?C_STARTUP)


SEGMENT
  +--> CALLED SEGMENT
---------------------
?C_C51STARTUP
  +--> ?PR?MAIN?DAC



SYMBOL TABLE OF MODULE:  .\Objects\DAC0832-test (?C_STARTUP)

  VALUE           TYPE          NAME
  ----------------------------------

  -------         MODULE        ?C_STARTUP
  C:004BH         SEGMENT       ?C_C51STARTUP
  I:000CH         SEGMENT       ?STACK
  C:0000H         PUBLIC        ?C_STARTUP
  D:00E0H         SYMBOL        ACC
  D:00F0H         SYMBOL        B
  D:0083H         SYMBOL        DPH
  D:0082H         SYMBOL        DPL
BL51 BANKED LINKER/LOCATER V6.22.2.0                                                  02/03/2020  16:11:47  PAGE 2


  N:0000H         SYMBOL        IBPSTACK
  N:0100H         SYMBOL        IBPSTACKTOP
  N:0080H         SYMBOL        IDATALEN
  C:004EH         SYMBOL        IDATALOOP
  N:0000H         SYMBOL        PBPSTACK
  N:0100H         SYMBOL        PBPSTACKTOP
  N:0000H         SYMBOL        PDATALEN
  N:0000H         SYMBOL        PDATASTART
  N:0000H         SYMBOL        PPAGE
  N:0000H         SYMBOL        PPAGEENABLE
  D:00A0H         SYMBOL        PPAGE_SFR
  D:0081H         SYMBOL        SP
  C:004BH         SYMBOL        STARTUP1
  N:0000H         SYMBOL        XBPSTACK
  N:0000H         SYMBOL        XBPSTACKTOP
  N:0000H         SYMBOL        XDATALEN
  N:0000H         SYMBOL        XDATASTART
  C:0000H         LINE#         126
  C:004BH         LINE#         133
  C:004DH         LINE#         134
  C:004EH         LINE#         135
  C:004FH         LINE#         136
  C:0051H         LINE#         185
  C:0054H         LINE#         196
  -------         ENDMOD        ?C_STARTUP

  -------         MODULE        DAC
  C:0000H         SYMBOL        _ICE_DUMMY_
  D:0080H         PUBLIC        P0
  D:0090H         PUBLIC        P1
  D:00A0H         PUBLIC        P2
  D:00B0H         PUBLIC        P3
  D:00C0H         PUBLIC        P4
  D:00C8H         PUBLIC        P5
  D:00E8H         PUBLIC        P6
  D:00F8H         PUBLIC        P7
  D:00A8H         PUBLIC        IE
  D:00B8H         PUBLIC        IP
  D:00D8H         PUBLIC        CCON
  C:001EH         PUBLIC        main
  D:0098H         PUBLIC        SCON
  C:0057H         PUBLIC        DAC_analog_output
  D:0088H         PUBLIC        TCON
  B:0090H.4       PUBLIC        XFER
  C:0038H         PUBLIC        _write_DAC_input_register
  B:0090H.1       PUBLIC        CS1
  B:0090H.0       PUBLIC        WR1
  C:0003H         PUBLIC        _delay_us
  B:0090H.3       PUBLIC        WR2
  D:0080H         PUBLIC        DAC_bus
  D:00D0H         PUBLIC        PSW
  -------         PROC          _DELAY_US
  D:0006H         SYMBOL        us
  -------         DO            
  D:0004H         SYMBOL        i
  -------         ENDDO         
  C:0003H         LINE#         27
BL51 BANKED LINKER/LOCATER V6.22.2.0                                                  02/03/2020  16:11:47  PAGE 3


  C:0003H         LINE#         28
  C:0003H         LINE#         30
  C:000DH         LINE#         31
  C:001DH         LINE#         32
  -------         ENDPROC       _DELAY_US
  -------         PROC          _WRITE_DAC_INPUT_REGISTER
  D:0008H         SYMBOL        data_
  C:0038H         LINE#         34
  C:0040H         LINE#         35
  C:0040H         LINE#         38
  C:0042H         LINE#         39
  C:0044H         LINE#         40
  C:0046H         LINE#         41
  C:0048H         LINE#         42
  C:004AH         LINE#         44
  -------         ENDPROC       _WRITE_DAC_INPUT_REGISTER
  -------         PROC          DAC_ANALOG_OUTPUT
  C:0057H         LINE#         46
  C:0057H         LINE#         47
  C:0057H         LINE#         48
  C:0059H         LINE#         49
  C:005BH         LINE#         50
  C:005DH         LINE#         51
  C:005FH         LINE#         52
  -------         ENDPROC       DAC_ANALOG_OUTPUT
  -------         PROC          MAIN
  -------         DO            
  D:0006H         SYMBOL        i
  -------         ENDDO         
  C:001EH         LINE#         54
  C:001EH         LINE#         55
  C:001EH         LINE#         57
  C:0026H         LINE#         58
  C:0026H         LINE#         59
  C:0026H         LINE#         60
  C:0034H         LINE#         61
  C:0034H         LINE#         62
  C:0036H         LINE#         63
  -------         ENDPROC       MAIN
  -------         ENDMOD        DAC

*** WARNING L16: UNCALLED SEGMENT, IGNORED FOR OVERLAY PROCESS
    SEGMENT: ?PR?_DELAY_US?DAC

*** WARNING L16: UNCALLED SEGMENT, IGNORED FOR OVERLAY PROCESS
    SEGMENT: ?PR?_WRITE_DAC_INPUT_REGISTER?DAC

*** WARNING L16: UNCALLED SEGMENT, IGNORED FOR OVERLAY PROCESS
    SEGMENT: ?PR?DAC_ANALOG_OUTPUT?DAC

Program Size: data=13.0 xdata=0 code=96
LINK/LOCATE RUN COMPLETE.  3 WARNING(S),  0 ERROR(S)
